Compilation error: function returning type void cannot be assigned to variable "x"
