Compilation error: else statement missing preceding if statement
