Compilation error: line 1 column 12: type mismatch: expected type "float"
