Compilation error: type "does_not_exist" could not be found
