Compilation error: line 2 column 2: unexpected token: "x"
