Compilation error: Reached EOF, expected closing bracket
