Compilation error: cannot multiply "1" and ""fail""
