Compilation error: type mismatch: expected type "int"
