Compilation error: cannot reassign const variable "x"
