cannot open "./test/sh/error/read_protected.sk", permission denied
