Compilation error: redundant assignment of variable "x" to itself
