Compilation error: line 2 column 10: cannot redeclare function "x"
