./test/sh/error/func/alias_as_func.sk: Compilation error: line 2 column 1: cannot redeclare type alias "x" as function
