./test/sh/error/func/assign_bad_type.sk: Compilation error: line 5 column 12: cannot assign type "Int" to type "Float"
./test/sh/error/func/assign_bad_type.sk: Warning: line 1 column 1: function "func" is unused
