./test/sh/error/func/bad_param_type.sk: Compilation error: line 3 column 3: expected param of type "int", got "bool"
