./test/sh/error/func/invalid_num_params.sk: Warning: variable "x" is unused
./test/sh/error/func/invalid_num_params.sk: Compilation error: line 5 column 1: invalid number of parameters
