Compilation error: line 1 column 6: function "f" missing declaration
