Compilation error: line 1 column 3: expected comma
