./test/sh/error/func/param_bad_type.sk: Compilation error: line 3 column 1: variable "x" already defined
./test/sh/error/func/param_bad_type.sk: Warning: line 1 column 10: function "f" is unused
