./test/sh/error/func/proto_param_bad_type.sk: Compilation error: type "does_not_exist" could not be found
./test/sh/error/func/proto_param_bad_type.sk: Warning: line 1 column 1: function "f" is unused
