./test/sh/error/func/proto_return_bad_type.sk: Compilation error: type "does_not_exist" could not be found
