./test/sh/error/misc/escape_hex_missing_second.sk: Compilation error: line 1 column 6: bad string escape: "\x4"
