./test/sh/error/misc/invalid_block_in_def.sk: Compilation error: line 2 column 2: unexpected code block
