Compilation error: line 1 column 8: cannot export function "main"
