./test/sh/error/misc/mismatched_bracket.sk: Compilation error: Reached EOF, expected closing bracket
