Compilation error: line 1 column 1: function "x" missing declaration
