./test/sh/error/misc/no_nested.sk: Compilation error: line 2 column 9: cannot declare nested function "func" as external or exported
