./test/sh/error/misc/unexpected_token_fails.sk: Compilation error: line 1 column 1: expression cannot be used on its own
