./test/sh/error/declare/assign_missing_rhs.sk: Compilation error: line 1 column 9: expected expression in assignment variable
