./test/sh/error/declare/assign_mismatch_var_type.sk: Compilation error: line 3 column 11: expected type "bool", got "int"
