./test/sh/error/declare/check_bool_assign.sk: Compilation error: line 1 column 14: expected type "Int", got "Bool"
./test/sh/error/declare/check_bool_assign.sk: Warning: line 1 column 5: variable "x" should be constant
./test/sh/error/declare/check_bool_assign.sk: Warning: line 1 column 5: variable "x" is unused
