./test/sh/error/declare/int_underflow.sk: Compilation error: line 1 column 6: overflow occurred while parsing "-99999999999999999999999999999999"
./test/sh/error/declare/int_underflow.sk: Warning: line 1 column 1: variable "x" is unused
