./test/sh/error/declare/reassign_const.sk: Compilation error: line 2 column 1: cannot reassign const variable "x"
./test/sh/error/declare/reassign_const.sk: Warning: line 1 column 1: variable "x" is unused
