./test/sh/error/declare/reassign_const_var.sk: Compilation error: line 2 column 1: cannot reassign const variable "x"
