Compilation error: line 3 column 5: redundant assignment of variable "x" to itself
