./test/sh/error/oper/add_mismatched_consts.sk: Compilation error: line 3 column 9: expected type "Int", got "Str"
./test/sh/error/oper/add_mismatched_consts.sk: Warning: variable "x" is unused
