./test/sh/error/oper/mult_mismatched_consts.sk: Compilation error: line 3 column 9: expected type "Int", got "Str"
