./test/sh/error/oper/non_bool_cond.sk: Compilation error: line 3 column 4: expected boolean expression
./test/sh/error/oper/non_bool_cond.sk: Warning: line 1 column 1: variable "x" is unused
