Compilation error: line 3 column 12: type mismatch: expected type "float"
