Compilation error: line 1 column 8: returning non-int expression "1.0" from main
