./test/sh/error/flow/return_non_existent_var.sk: Compilation error: variable "x" not found
