./test/sh/error/flow/unreachable_return.sk: Compilation error: line 3 column 1: unreachable code after return
